// Jest Snapshot v1, https://goo.gl/fbAQLP

exports[`class FormGroup extends _react.Component {
  constructor(props) {
    super(props);
    this.state = { greeting: 'Hello' };
    this.frenchify = this.frenchify.bind(this);
    this.removeGreeting = this.removeGreeting.bind(this);
  }

  frenchify() {
    this.setState({ greeting: 'Bonjour' });
  }

  removeGreeting() {
    this.props.removeGreeting(this.props.name);
  }

  render() {
    return (
      _react2.default.createElement('div', { className: 'form-group', __source: { fileName: _jsxFileName, lineNumber: 22 }, __self: this },
        this.state.greeting, ' ', this.props.name, '!',
        _react2.default.createElement('br', { __source: { fileName: _jsxFileName, lineNumber: 24 }, __self: this }),
        _react2.default.createElement('button', { className: 'frenchify', onClick: this.frenchify, __source: { fileName: _jsxFileName, lineNumber: 25 }, __self: this }, 'Frenchify!'),
        _react2.default.createElement('button', { className: 'remove', onClick: this.removeGreeting, __source: { fileName: _jsxFileName, lineNumber: 26 }, __self: this }, 'Remove')));


  }} renders and matches our snapshot 1`] = `
<div
  className="form-group"
>
  Hello
   
  Person
  !
  <br />
  <button
    className="frenchify"
    onClick={[Function]}
  >
    Frenchify!
  </button>
  <button
    className="remove"
    onClick={[Function]}
  >
    Remove
  </button>
</div>
`;
